[10:26:47] [main/INFO]: Loading Minecraft 1.21.10 with Fabric Loader 0.17.2
[10:26:48] [main/INFO]: Loading 4 mods:
	- fabricloader 0.17.2
	   \-- mixinextras 0.5.0
	- java 21
	- minecraft 1.21.10
[10:26:48] [main/INFO]: SpongePowered MIXIN Subsystem Version=0.8.7 Source=file:/workspaces/elminecraft/servidor_minecraft/libraries/net/fabricmc/sponge-mixin/0.16.3+mixin.0.8.7/sponge-mixin-0.16.3+mixin.0.8.7.jar Service=Knot/Fabric Env=SERVER
[10:26:56] [main/ERROR]: Failed to load properties from file: server.properties
java.nio.file.NoSuchFileException: server.properties
	at java.base/sun.nio.fs.UnixException.translateToIOException(UnixException.java:92) ~[?:?]
	at java.base/sun.nio.fs.UnixException.rethrowAsIOException(UnixException.java:106) ~[?:?]
	at java.base/sun.nio.fs.UnixException.rethrowAsIOException(UnixException.java:111) ~[?:?]
	at java.base/sun.nio.fs.UnixFileSystemProvider.newByteChannel(UnixFileSystemProvider.java:261) ~[?:?]
	at java.base/java.nio.file.Files.newByteChannel(Files.java:380) ~[?:?]
	at java.base/java.nio.file.Files.newByteChannel(Files.java:432) ~[?:?]
	at java.base/java.nio.file.spi.FileSystemProvider.newInputStream(FileSystemProvider.java:420) ~[?:?]
	at java.base/java.nio.file.Files.newInputStream(Files.java:160) ~[?:?]
	at knot/net.minecraft.class_3808.method_16727(class_3808.java:62) [server-intermediary.jar:?]
	at knot/net.minecraft.class_3806.method_16714(class_3806.java:153) [server-intermediary.jar:?]
	at knot/net.minecraft.class_3807.<init>(class_3807.java:12) [server-intermediary.jar:?]
	at knot/net.minecraft.server.Main.main(Main.java:115) [server-intermediary.jar:?]
	at net.fabricmc.loader.impl.game.minecraft.MinecraftGameProvider.launch(MinecraftGameProvider.java:506) [fabric-loader-0.17.2.jar:?]
	at net.fabricmc.loader.impl.launch.knot.Knot.launch(Knot.java:72) [fabric-loader-0.17.2.jar:?]
	at net.fabricmc.loader.impl.launch.knot.KnotServer.main(KnotServer.java:23) [fabric-loader-0.17.2.jar:?]
	at net.fabricmc.loader.impl.launch.server.FabricServerLauncher.main(FabricServerLauncher.java:69) [fabric-loader-0.17.2.jar:?]
	at net.fabricmc.installer.ServerLauncher.main(ServerLauncher.java:69) [fabric-server-launch.jar:1.1.0]
[10:26:56] [main/INFO]: Environment: Environment[sessionHost=https://sessionserver.mojang.com, servicesHost=https://api.minecraftservices.com, profilesHost=https://api.mojang.com, name=PROD]
[10:26:58] [main/INFO]: No existing world data, creating new world
[10:26:59] [main/INFO]: Loaded 1461 recipes
[10:26:59] [main/INFO]: Loaded 1574 advancements
[10:26:59] [Server thread/INFO]: Starting minecraft server version 1.21.10
[10:26:59] [Server thread/INFO]: Loading properties
[10:26:59] [Server thread/INFO]: Default game type: SURVIVAL
[10:26:59] [Server thread/INFO]: Generating keypair
[10:27:00] [Server thread/INFO]: Starting Minecraft server on *:25565
[10:27:00] [Server thread/INFO]: Using epoll channel type
[10:27:00] [Server thread/INFO]: Preparing level "world"
[10:27:01] [Server thread/INFO]: Selecting global world spawn...
[10:27:13] [Server thread/INFO]: Loading 0 persistent chunks...
[10:27:13] [Server thread/INFO]: Preparing spawn area: 100%
[10:27:13] [Server thread/INFO]: Time elapsed: 12660 ms
[10:27:13] [Server thread/INFO]: Done (13.421s)! For help, type "help"
[10:28:13] [Server thread/INFO]: Server empty for 60 seconds, pausing
[10:31:46] [User Authenticator #1/INFO]: UUID of player Ethiem505 is f1241383-5213-4af6-8fbc-944c142d77dc
[10:31:55] [Server thread/INFO]: Ethiem505[/127.202.190.33:53853] logged in with entity id 24 at (5.5, 80.0, 3.5)
[10:31:56] [Server thread/INFO]: Ethiem505 joined the game
[10:33:50] [Server thread/INFO]: Ethiem505 lost connection: Disconnected
[10:33:50] [Server thread/INFO]: Ethiem505 left the game
[10:34:50] [Server thread/INFO]: Server empty for 60 seconds, pausing
